22:35:54 **** Build of configuration Debug for project Ej0_blinky ****
make -j12 all 
arm-none-eabi-gcc "../Src/main.c" -mcpu=cortex-m4 -std=gnu11 -g3 -DDEBUG -DSTM32 -DSTM32F429ZITx -DSTM32F4 -DNUCLEO_F429ZI -DUSE_HAL_DRIVER -DSTM32F429xx -c -I../Inc -I"/home/renato/Proyectos/CESE_FIUBA/Programacion de microcontroladores/PdM_workspace/Ej0_blinky/Drivers/STM32F4xx_HAL_Driver/Inc" -I"/home/renato/Proyectos/CESE_FIUBA/Programacion de microcontroladores/PdM_workspace/Ej0_blinky/Drivers/CMSIS/Include" -I"/home/renato/Proyectos/CESE_FIUBA/Programacion de microcontroladores/PdM_workspace/Ej0_blinky/Drivers/CMSIS/Device/ST/STM32F4xx/Include" -I"/home/renato/Proyectos/CESE_FIUBA/Programacion de microcontroladores/PdM_workspace/Ej0_blinky/Drivers/BSP/STM32F4xx_Nucleo_144" -I"/home/renato/Proyectos/CESE_FIUBA/Programacion de microcontroladores/PdM_workspace/Ej0_blinky/Drivers/Core/Inc" -O0 -ffunction-sections -fdata-sections -Wall -fstack-usage -MMD -MP -MF"Src/main.d" -MT"Src/main.o" --specs=nano.specs -mfpu=fpv4-sp-d16 -mfloat-abi=hard -mthumb -o "Src/main.o"
arm-none-eabi-gcc -o "Ej0_blinky.elf" @"objects.list"   -mcpu=cortex-m4 -T"/home/renato/Proyectos/CESE_FIUBA/Programacion de microcontroladores/PdM_workspace/Ej0_blinky/STM32F429ZITX_FLASH.ld" --specs=nosys.specs -Wl,-Map="Ej0_blinky.map" -Wl,--gc-sections -static --specs=nano.specs -mfpu=fpv4-sp-d16 -mfloat-abi=hard -mthumb -Wl,--start-group -lc -lm -Wl,--end-group
Finished building target: Ej0_blinky.elf
 
arm-none-eabi-size   Ej0_blinky.elf 
arm-none-eabi-objdump -h -S  Ej0_blinky.elf  > "Ej0_blinky.list"
arm-none-eabi-objcopy  -O binary  Ej0_blinky.elf  "Ej0_blinky.bin"
   text	   data	    bss	    dec	    hex	filename
   6824	     36	   1572	   8432	   20f0	Ej0_blinky.elf
Finished building: default.size.stdout
 
Finished building: Ej0_blinky.bin
 
Finished building: Ej0_blinky.list
 

22:35:56 Build Finished. 0 errors, 0 warnings. (took 2s.165ms)

