13:02:32 **** Incremental Build of configuration Debug for project Ej0_blinky2 ****
make -j12 all 
arm-none-eabi-gcc "../Core/Src/main.c" -mcpu=cortex-m4 -std=gnu11 -g3 -DDEBUG -DUSE_HAL_DRIVER -DSTM32F446xx -c -I../Core/Inc -I../Drivers/STM32F4xx_HAL_Driver/Inc -I../Drivers/STM32F4xx_HAL_Driver/Inc/Legacy -I../Drivers/CMSIS/Device/ST/STM32F4xx/Include -I../Drivers/CMSIS/Include -O0 -ffunction-sections -fdata-sections -Wall -fstack-usage -MMD -MP -MF"Core/Src/main.d" -MT"Core/Src/main.o" --specs=nano.specs -mfpu=fpv4-sp-d16 -mfloat-abi=hard -mthumb -o "Core/Src/main.o"
arm-none-eabi-gcc -o "Ej0_blinky2.elf" @"objects.list"   -mcpu=cortex-m4 -T"/home/renato/Proyectos/CESE_FIUBA/Programacion de microcontroladores/PdM_workspace/Ej0_blinky2/STM32F446RETX_FLASH.ld" --specs=nosys.specs -Wl,-Map="Ej0_blinky2.map" -Wl,--gc-sections -static --specs=nano.specs -mfpu=fpv4-sp-d16 -mfloat-abi=hard -mthumb -Wl,--start-group -lc -lm -Wl,--end-group
Finished building target: Ej0_blinky2.elf
 
arm-none-eabi-size   Ej0_blinky2.elf 
arm-none-eabi-objdump -h -S  Ej0_blinky2.elf  > "Ej0_blinky2.list"
arm-none-eabi-objcopy  -O binary  Ej0_blinky2.elf  "Ej0_blinky2.bin"
   text	   data	    bss	    dec	    hex	filename
   7936	     20	   1636	   9592	   2578	Ej0_blinky2.elf
Finished building: default.size.stdout
 
Finished building: Ej0_blinky2.bin
 
Finished building: Ej0_blinky2.list
 

13:02:32 Build Finished. 0 errors, 0 warnings. (took 373ms)

