20:20:28 **** Build of configuration Debug for project Trabajo_practico_pdM ****
make -j12 all 
arm-none-eabi-gcc "../Drivers/UserAPI/src/API_uart.c" -mcpu=cortex-m4 -std=gnu11 -g3 -DDEBUG -DUSE_HAL_DRIVER -DSTM32F429xx -c -I../Core/Inc -I"/home/renato/Proyectos/CESE_FIUBA/Programacion de microcontroladores/PdM_workspace/Trabajo_practico_pdM/Drivers/UserAPI/inc" -I"/home/renato/Proyectos/CESE_FIUBA/Programacion de microcontroladores/PdM_workspace/Trabajo_practico_pdM/Drivers/UserAPI" -I../Drivers/STM32F4xx_HAL_Driver/Inc -I../Drivers/STM32F4xx_HAL_Driver/Inc/Legacy -I../Drivers/CMSIS/Device/ST/STM32F4xx/Include -I../Drivers/CMSIS/Include -O0 -ffunction-sections -fdata-sections -Wall -fstack-usage -MMD -MP -MF"Drivers/UserAPI/src/API_uart.d" -MT"Drivers/UserAPI/src/API_uart.o" --specs=nano.specs -mfpu=fpv4-sp-d16 -mfloat-abi=hard -mthumb -o "Drivers/UserAPI/src/API_uart.o"
arm-none-eabi-gcc "../Drivers/UserAPI/src/Consola_API.c" -mcpu=cortex-m4 -std=gnu11 -g3 -DDEBUG -DUSE_HAL_DRIVER -DSTM32F429xx -c -I../Core/Inc -I"/home/renato/Proyectos/CESE_FIUBA/Programacion de microcontroladores/PdM_workspace/Trabajo_practico_pdM/Drivers/UserAPI/inc" -I"/home/renato/Proyectos/CESE_FIUBA/Programacion de microcontroladores/PdM_workspace/Trabajo_practico_pdM/Drivers/UserAPI" -I../Drivers/STM32F4xx_HAL_Driver/Inc -I../Drivers/STM32F4xx_HAL_Driver/Inc/Legacy -I../Drivers/CMSIS/Device/ST/STM32F4xx/Include -I../Drivers/CMSIS/Include -O0 -ffunction-sections -fdata-sections -Wall -fstack-usage -MMD -MP -MF"Drivers/UserAPI/src/Consola_API.d" -MT"Drivers/UserAPI/src/Consola_API.o" --specs=nano.specs -mfpu=fpv4-sp-d16 -mfloat-abi=hard -mthumb -o "Drivers/UserAPI/src/Consola_API.o"
arm-none-eabi-gcc "../Drivers/UserAPI/src/FSM_API.c" -mcpu=cortex-m4 -std=gnu11 -g3 -DDEBUG -DUSE_HAL_DRIVER -DSTM32F429xx -c -I../Core/Inc -I"/home/renato/Proyectos/CESE_FIUBA/Programacion de microcontroladores/PdM_workspace/Trabajo_practico_pdM/Drivers/UserAPI/inc" -I"/home/renato/Proyectos/CESE_FIUBA/Programacion de microcontroladores/PdM_workspace/Trabajo_practico_pdM/Drivers/UserAPI" -I../Drivers/STM32F4xx_HAL_Driver/Inc -I../Drivers/STM32F4xx_HAL_Driver/Inc/Legacy -I../Drivers/CMSIS/Device/ST/STM32F4xx/Include -I../Drivers/CMSIS/Include -O0 -ffunction-sections -fdata-sections -Wall -fstack-usage -MMD -MP -MF"Drivers/UserAPI/src/FSM_API.d" -MT"Drivers/UserAPI/src/FSM_API.o" --specs=nano.specs -mfpu=fpv4-sp-d16 -mfloat-abi=hard -mthumb -o "Drivers/UserAPI/src/FSM_API.o"
arm-none-eabi-gcc "../Drivers/UserAPI/src/RTC_API.c" -mcpu=cortex-m4 -std=gnu11 -g3 -DDEBUG -DUSE_HAL_DRIVER -DSTM32F429xx -c -I../Core/Inc -I"/home/renato/Proyectos/CESE_FIUBA/Programacion de microcontroladores/PdM_workspace/Trabajo_practico_pdM/Drivers/UserAPI/inc" -I"/home/renato/Proyectos/CESE_FIUBA/Programacion de microcontroladores/PdM_workspace/Trabajo_practico_pdM/Drivers/UserAPI" -I../Drivers/STM32F4xx_HAL_Driver/Inc -I../Drivers/STM32F4xx_HAL_Driver/Inc/Legacy -I../Drivers/CMSIS/Device/ST/STM32F4xx/Include -I../Drivers/CMSIS/Include -O0 -ffunction-sections -fdata-sections -Wall -fstack-usage -MMD -MP -MF"Drivers/UserAPI/src/RTC_API.d" -MT"Drivers/UserAPI/src/RTC_API.o" --specs=nano.specs -mfpu=fpv4-sp-d16 -mfloat-abi=hard -mthumb -o "Drivers/UserAPI/src/RTC_API.o"
arm-none-eabi-gcc "../Drivers/UserAPI/src/Station_API.c" -mcpu=cortex-m4 -std=gnu11 -g3 -DDEBUG -DUSE_HAL_DRIVER -DSTM32F429xx -c -I../Core/Inc -I"/home/renato/Proyectos/CESE_FIUBA/Programacion de microcontroladores/PdM_workspace/Trabajo_practico_pdM/Drivers/UserAPI/inc" -I"/home/renato/Proyectos/CESE_FIUBA/Programacion de microcontroladores/PdM_workspace/Trabajo_practico_pdM/Drivers/UserAPI" -I../Drivers/STM32F4xx_HAL_Driver/Inc -I../Drivers/STM32F4xx_HAL_Driver/Inc/Legacy -I../Drivers/CMSIS/Device/ST/STM32F4xx/Include -I../Drivers/CMSIS/Include -O0 -ffunction-sections -fdata-sections -Wall -fstack-usage -MMD -MP -MF"Drivers/UserAPI/src/Station_API.d" -MT"Drivers/UserAPI/src/Station_API.o" --specs=nano.specs -mfpu=fpv4-sp-d16 -mfloat-abi=hard -mthumb -o "Drivers/UserAPI/src/Station_API.o"
arm-none-eabi-gcc "../Drivers/STM32F4xx_HAL_Driver/Src/stm32f4xx_hal.c" -mcpu=cortex-m4 -std=gnu11 -g3 -DDEBUG -DUSE_HAL_DRIVER -DSTM32F429xx -c -I../Core/Inc -I"/home/renato/Proyectos/CESE_FIUBA/Programacion de microcontroladores/PdM_workspace/Trabajo_practico_pdM/Drivers/UserAPI/inc" -I"/home/renato/Proyectos/CESE_FIUBA/Programacion de microcontroladores/PdM_workspace/Trabajo_practico_pdM/Drivers/UserAPI" -I../Drivers/STM32F4xx_HAL_Driver/Inc -I../Drivers/STM32F4xx_HAL_Driver/Inc/Legacy -I../Drivers/CMSIS/Device/ST/STM32F4xx/Include -I../Drivers/CMSIS/Include -O0 -ffunction-sections -fdata-sections -Wall -fstack-usage -MMD -MP -MF"Drivers/STM32F4xx_HAL_Driver/Src/stm32f4xx_hal.d" -MT"Drivers/STM32F4xx_HAL_Driver/Src/stm32f4xx_hal.o" --specs=nano.specs -mfpu=fpv4-sp-d16 -mfloat-abi=hard -mthumb -o "Drivers/STM32F4xx_HAL_Driver/Src/stm32f4xx_hal.o"
arm-none-eabi-gcc "../Drivers/STM32F4xx_HAL_Driver/Src/stm32f4xx_hal_cortex.c" -mcpu=cortex-m4 -std=gnu11 -g3 -DDEBUG -DUSE_HAL_DRIVER -DSTM32F429xx -c -I../Core/Inc -I"/home/renato/Proyectos/CESE_FIUBA/Programacion de microcontroladores/PdM_workspace/Trabajo_practico_pdM/Drivers/UserAPI/inc" -I"/home/renato/Proyectos/CESE_FIUBA/Programacion de microcontroladores/PdM_workspace/Trabajo_practico_pdM/Drivers/UserAPI" -I../Drivers/STM32F4xx_HAL_Driver/Inc -I../Drivers/STM32F4xx_HAL_Driver/Inc/Legacy -I../Drivers/CMSIS/Device/ST/STM32F4xx/Include -I../Drivers/CMSIS/Include -O0 -ffunction-sections -fdata-sections -Wall -fstack-usage -MMD -MP -MF"Drivers/STM32F4xx_HAL_Driver/Src/stm32f4xx_hal_cortex.d" -MT"Drivers/STM32F4xx_HAL_Driver/Src/stm32f4xx_hal_cortex.o" --specs=nano.specs -mfpu=fpv4-sp-d16 -mfloat-abi=hard -mthumb -o "Drivers/STM32F4xx_HAL_Driver/Src/stm32f4xx_hal_cortex.o"
arm-none-eabi-gcc "../Drivers/STM32F4xx_HAL_Driver/Src/stm32f4xx_hal_dma.c" -mcpu=cortex-m4 -std=gnu11 -g3 -DDEBUG -DUSE_HAL_DRIVER -DSTM32F429xx -c -I../Core/Inc -I"/home/renato/Proyectos/CESE_FIUBA/Programacion de microcontroladores/PdM_workspace/Trabajo_practico_pdM/Drivers/UserAPI/inc" -I"/home/renato/Proyectos/CESE_FIUBA/Programacion de microcontroladores/PdM_workspace/Trabajo_practico_pdM/Drivers/UserAPI" -I../Drivers/STM32F4xx_HAL_Driver/Inc -I../Drivers/STM32F4xx_HAL_Driver/Inc/Legacy -I../Drivers/CMSIS/Device/ST/STM32F4xx/Include -I../Drivers/CMSIS/Include -O0 -ffunction-sections -fdata-sections -Wall -fstack-usage -MMD -MP -MF"Drivers/STM32F4xx_HAL_Driver/Src/stm32f4xx_hal_dma.d" -MT"Drivers/STM32F4xx_HAL_Driver/Src/stm32f4xx_hal_dma.o" --specs=nano.specs -mfpu=fpv4-sp-d16 -mfloat-abi=hard -mthumb -o "Drivers/STM32F4xx_HAL_Driver/Src/stm32f4xx_hal_dma.o"
arm-none-eabi-gcc "../Drivers/STM32F4xx_HAL_Driver/Src/stm32f4xx_hal_dma_ex.c" -mcpu=cortex-m4 -std=gnu11 -g3 -DDEBUG -DUSE_HAL_DRIVER -DSTM32F429xx -c -I../Core/Inc -I"/home/renato/Proyectos/CESE_FIUBA/Programacion de microcontroladores/PdM_workspace/Trabajo_practico_pdM/Drivers/UserAPI/inc" -I"/home/renato/Proyectos/CESE_FIUBA/Programacion de microcontroladores/PdM_workspace/Trabajo_practico_pdM/Drivers/UserAPI" -I../Drivers/STM32F4xx_HAL_Driver/Inc -I../Drivers/STM32F4xx_HAL_Driver/Inc/Legacy -I../Drivers/CMSIS/Device/ST/STM32F4xx/Include -I../Drivers/CMSIS/Include -O0 -ffunction-sections -fdata-sections -Wall -fstack-usage -MMD -MP -MF"Drivers/STM32F4xx_HAL_Driver/Src/stm32f4xx_hal_dma_ex.d" -MT"Drivers/STM32F4xx_HAL_Driver/Src/stm32f4xx_hal_dma_ex.o" --specs=nano.specs -mfpu=fpv4-sp-d16 -mfloat-abi=hard -mthumb -o "Drivers/STM32F4xx_HAL_Driver/Src/stm32f4xx_hal_dma_ex.o"
arm-none-eabi-gcc "../Drivers/STM32F4xx_HAL_Driver/Src/stm32f4xx_hal_exti.c" -mcpu=cortex-m4 -std=gnu11 -g3 -DDEBUG -DUSE_HAL_DRIVER -DSTM32F429xx -c -I../Core/Inc -I"/home/renato/Proyectos/CESE_FIUBA/Programacion de microcontroladores/PdM_workspace/Trabajo_practico_pdM/Drivers/UserAPI/inc" -I"/home/renato/Proyectos/CESE_FIUBA/Programacion de microcontroladores/PdM_workspace/Trabajo_practico_pdM/Drivers/UserAPI" -I../Drivers/STM32F4xx_HAL_Driver/Inc -I../Drivers/STM32F4xx_HAL_Driver/Inc/Legacy -I../Drivers/CMSIS/Device/ST/STM32F4xx/Include -I../Drivers/CMSIS/Include -O0 -ffunction-sections -fdata-sections -Wall -fstack-usage -MMD -MP -MF"Drivers/STM32F4xx_HAL_Driver/Src/stm32f4xx_hal_exti.d" -MT"Drivers/STM32F4xx_HAL_Driver/Src/stm32f4xx_hal_exti.o" --specs=nano.specs -mfpu=fpv4-sp-d16 -mfloat-abi=hard -mthumb -o "Drivers/STM32F4xx_HAL_Driver/Src/stm32f4xx_hal_exti.o"
arm-none-eabi-gcc "../Drivers/STM32F4xx_HAL_Driver/Src/stm32f4xx_hal_flash.c" -mcpu=cortex-m4 -std=gnu11 -g3 -DDEBUG -DUSE_HAL_DRIVER -DSTM32F429xx -c -I../Core/Inc -I"/home/renato/Proyectos/CESE_FIUBA/Programacion de microcontroladores/PdM_workspace/Trabajo_practico_pdM/Drivers/UserAPI/inc" -I"/home/renato/Proyectos/CESE_FIUBA/Programacion de microcontroladores/PdM_workspace/Trabajo_practico_pdM/Drivers/UserAPI" -I../Drivers/STM32F4xx_HAL_Driver/Inc -I../Drivers/STM32F4xx_HAL_Driver/Inc/Legacy -I../Drivers/CMSIS/Device/ST/STM32F4xx/Include -I../Drivers/CMSIS/Include -O0 -ffunction-sections -fdata-sections -Wall -fstack-usage -MMD -MP -MF"Drivers/STM32F4xx_HAL_Driver/Src/stm32f4xx_hal_flash.d" -MT"Drivers/STM32F4xx_HAL_Driver/Src/stm32f4xx_hal_flash.o" --specs=nano.specs -mfpu=fpv4-sp-d16 -mfloat-abi=hard -mthumb -o "Drivers/STM32F4xx_HAL_Driver/Src/stm32f4xx_hal_flash.o"
arm-none-eabi-gcc "../Drivers/STM32F4xx_HAL_Driver/Src/stm32f4xx_hal_flash_ex.c" -mcpu=cortex-m4 -std=gnu11 -g3 -DDEBUG -DUSE_HAL_DRIVER -DSTM32F429xx -c -I../Core/Inc -I"/home/renato/Proyectos/CESE_FIUBA/Programacion de microcontroladores/PdM_workspace/Trabajo_practico_pdM/Drivers/UserAPI/inc" -I"/home/renato/Proyectos/CESE_FIUBA/Programacion de microcontroladores/PdM_workspace/Trabajo_practico_pdM/Drivers/UserAPI" -I../Drivers/STM32F4xx_HAL_Driver/Inc -I../Drivers/STM32F4xx_HAL_Driver/Inc/Legacy -I../Drivers/CMSIS/Device/ST/STM32F4xx/Include -I../Drivers/CMSIS/Include -O0 -ffunction-sections -fdata-sections -Wall -fstack-usage -MMD -MP -MF"Drivers/STM32F4xx_HAL_Driver/Src/stm32f4xx_hal_flash_ex.d" -MT"Drivers/STM32F4xx_HAL_Driver/Src/stm32f4xx_hal_flash_ex.o" --specs=nano.specs -mfpu=fpv4-sp-d16 -mfloat-abi=hard -mthumb -o "Drivers/STM32F4xx_HAL_Driver/Src/stm32f4xx_hal_flash_ex.o"
../Drivers/UserAPI/src/RTC_API.c: In function 'RTC_parse_data_set_RTC':
../Drivers/UserAPI/src/RTC_API.c:108:68: warning: unused variable 'weekDayINT' [-Wunused-variable]
  108 |  int hoursINT, minutesINT, secondsINT, dateINT, monthINT, yearINT, weekDayINT;
      |                                                                    ^~~~~~~~~~
arm-none-eabi-gcc "../Drivers/STM32F4xx_HAL_Driver/Src/stm32f4xx_hal_flash_ramfunc.c" -mcpu=cortex-m4 -std=gnu11 -g3 -DDEBUG -DUSE_HAL_DRIVER -DSTM32F429xx -c -I../Core/Inc -I"/home/renato/Proyectos/CESE_FIUBA/Programacion de microcontroladores/PdM_workspace/Trabajo_practico_pdM/Drivers/UserAPI/inc" -I"/home/renato/Proyectos/CESE_FIUBA/Programacion de microcontroladores/PdM_workspace/Trabajo_practico_pdM/Drivers/UserAPI" -I../Drivers/STM32F4xx_HAL_Driver/Inc -I../Drivers/STM32F4xx_HAL_Driver/Inc/Legacy -I../Drivers/CMSIS/Device/ST/STM32F4xx/Include -I../Drivers/CMSIS/Include -O0 -ffunction-sections -fdata-sections -Wall -fstack-usage -MMD -MP -MF"Drivers/STM32F4xx_HAL_Driver/Src/stm32f4xx_hal_flash_ramfunc.d" -MT"Drivers/STM32F4xx_HAL_Driver/Src/stm32f4xx_hal_flash_ramfunc.o" --specs=nano.specs -mfpu=fpv4-sp-d16 -mfloat-abi=hard -mthumb -o "Drivers/STM32F4xx_HAL_Driver/Src/stm32f4xx_hal_flash_ramfunc.o"
arm-none-eabi-gcc "../Drivers/STM32F4xx_HAL_Driver/Src/stm32f4xx_hal_gpio.c" -mcpu=cortex-m4 -std=gnu11 -g3 -DDEBUG -DUSE_HAL_DRIVER -DSTM32F429xx -c -I../Core/Inc -I"/home/renato/Proyectos/CESE_FIUBA/Programacion de microcontroladores/PdM_workspace/Trabajo_practico_pdM/Drivers/UserAPI/inc" -I"/home/renato/Proyectos/CESE_FIUBA/Programacion de microcontroladores/PdM_workspace/Trabajo_practico_pdM/Drivers/UserAPI" -I../Drivers/STM32F4xx_HAL_Driver/Inc -I../Drivers/STM32F4xx_HAL_Driver/Inc/Legacy -I../Drivers/CMSIS/Device/ST/STM32F4xx/Include -I../Drivers/CMSIS/Include -O0 -ffunction-sections -fdata-sections -Wall -fstack-usage -MMD -MP -MF"Drivers/STM32F4xx_HAL_Driver/Src/stm32f4xx_hal_gpio.d" -MT"Drivers/STM32F4xx_HAL_Driver/Src/stm32f4xx_hal_gpio.o" --specs=nano.specs -mfpu=fpv4-sp-d16 -mfloat-abi=hard -mthumb -o "Drivers/STM32F4xx_HAL_Driver/Src/stm32f4xx_hal_gpio.o"
arm-none-eabi-gcc "../Drivers/STM32F4xx_HAL_Driver/Src/stm32f4xx_hal_pwr.c" -mcpu=cortex-m4 -std=gnu11 -g3 -DDEBUG -DUSE_HAL_DRIVER -DSTM32F429xx -c -I../Core/Inc -I"/home/renato/Proyectos/CESE_FIUBA/Programacion de microcontroladores/PdM_workspace/Trabajo_practico_pdM/Drivers/UserAPI/inc" -I"/home/renato/Proyectos/CESE_FIUBA/Programacion de microcontroladores/PdM_workspace/Trabajo_practico_pdM/Drivers/UserAPI" -I../Drivers/STM32F4xx_HAL_Driver/Inc -I../Drivers/STM32F4xx_HAL_Driver/Inc/Legacy -I../Drivers/CMSIS/Device/ST/STM32F4xx/Include -I../Drivers/CMSIS/Include -O0 -ffunction-sections -fdata-sections -Wall -fstack-usage -MMD -MP -MF"Drivers/STM32F4xx_HAL_Driver/Src/stm32f4xx_hal_pwr.d" -MT"Drivers/STM32F4xx_HAL_Driver/Src/stm32f4xx_hal_pwr.o" --specs=nano.specs -mfpu=fpv4-sp-d16 -mfloat-abi=hard -mthumb -o "Drivers/STM32F4xx_HAL_Driver/Src/stm32f4xx_hal_pwr.o"
arm-none-eabi-gcc "../Drivers/STM32F4xx_HAL_Driver/Src/stm32f4xx_hal_pwr_ex.c" -mcpu=cortex-m4 -std=gnu11 -g3 -DDEBUG -DUSE_HAL_DRIVER -DSTM32F429xx -c -I../Core/Inc -I"/home/renato/Proyectos/CESE_FIUBA/Programacion de microcontroladores/PdM_workspace/Trabajo_practico_pdM/Drivers/UserAPI/inc" -I"/home/renato/Proyectos/CESE_FIUBA/Programacion de microcontroladores/PdM_workspace/Trabajo_practico_pdM/Drivers/UserAPI" -I../Drivers/STM32F4xx_HAL_Driver/Inc -I../Drivers/STM32F4xx_HAL_Driver/Inc/Legacy -I../Drivers/CMSIS/Device/ST/STM32F4xx/Include -I../Drivers/CMSIS/Include -O0 -ffunction-sections -fdata-sections -Wall -fstack-usage -MMD -MP -MF"Drivers/STM32F4xx_HAL_Driver/Src/stm32f4xx_hal_pwr_ex.d" -MT"Drivers/STM32F4xx_HAL_Driver/Src/stm32f4xx_hal_pwr_ex.o" --specs=nano.specs -mfpu=fpv4-sp-d16 -mfloat-abi=hard -mthumb -o "Drivers/STM32F4xx_HAL_Driver/Src/stm32f4xx_hal_pwr_ex.o"
arm-none-eabi-gcc "../Drivers/STM32F4xx_HAL_Driver/Src/stm32f4xx_hal_rcc.c" -mcpu=cortex-m4 -std=gnu11 -g3 -DDEBUG -DUSE_HAL_DRIVER -DSTM32F429xx -c -I../Core/Inc -I"/home/renato/Proyectos/CESE_FIUBA/Programacion de microcontroladores/PdM_workspace/Trabajo_practico_pdM/Drivers/UserAPI/inc" -I"/home/renato/Proyectos/CESE_FIUBA/Programacion de microcontroladores/PdM_workspace/Trabajo_practico_pdM/Drivers/UserAPI" -I../Drivers/STM32F4xx_HAL_Driver/Inc -I../Drivers/STM32F4xx_HAL_Driver/Inc/Legacy -I../Drivers/CMSIS/Device/ST/STM32F4xx/Include -I../Drivers/CMSIS/Include -O0 -ffunction-sections -fdata-sections -Wall -fstack-usage -MMD -MP -MF"Drivers/STM32F4xx_HAL_Driver/Src/stm32f4xx_hal_rcc.d" -MT"Drivers/STM32F4xx_HAL_Driver/Src/stm32f4xx_hal_rcc.o" --specs=nano.specs -mfpu=fpv4-sp-d16 -mfloat-abi=hard -mthumb -o "Drivers/STM32F4xx_HAL_Driver/Src/stm32f4xx_hal_rcc.o"
arm-none-eabi-gcc "../Drivers/STM32F4xx_HAL_Driver/Src/stm32f4xx_hal_rcc_ex.c" -mcpu=cortex-m4 -std=gnu11 -g3 -DDEBUG -DUSE_HAL_DRIVER -DSTM32F429xx -c -I../Core/Inc -I"/home/renato/Proyectos/CESE_FIUBA/Programacion de microcontroladores/PdM_workspace/Trabajo_practico_pdM/Drivers/UserAPI/inc" -I"/home/renato/Proyectos/CESE_FIUBA/Programacion de microcontroladores/PdM_workspace/Trabajo_practico_pdM/Drivers/UserAPI" -I../Drivers/STM32F4xx_HAL_Driver/Inc -I../Drivers/STM32F4xx_HAL_Driver/Inc/Legacy -I../Drivers/CMSIS/Device/ST/STM32F4xx/Include -I../Drivers/CMSIS/Include -O0 -ffunction-sections -fdata-sections -Wall -fstack-usage -MMD -MP -MF"Drivers/STM32F4xx_HAL_Driver/Src/stm32f4xx_hal_rcc_ex.d" -MT"Drivers/STM32F4xx_HAL_Driver/Src/stm32f4xx_hal_rcc_ex.o" --specs=nano.specs -mfpu=fpv4-sp-d16 -mfloat-abi=hard -mthumb -o "Drivers/STM32F4xx_HAL_Driver/Src/stm32f4xx_hal_rcc_ex.o"
arm-none-eabi-gcc "../Drivers/STM32F4xx_HAL_Driver/Src/stm32f4xx_hal_rtc.c" -mcpu=cortex-m4 -std=gnu11 -g3 -DDEBUG -DUSE_HAL_DRIVER -DSTM32F429xx -c -I../Core/Inc -I"/home/renato/Proyectos/CESE_FIUBA/Programacion de microcontroladores/PdM_workspace/Trabajo_practico_pdM/Drivers/UserAPI/inc" -I"/home/renato/Proyectos/CESE_FIUBA/Programacion de microcontroladores/PdM_workspace/Trabajo_practico_pdM/Drivers/UserAPI" -I../Drivers/STM32F4xx_HAL_Driver/Inc -I../Drivers/STM32F4xx_HAL_Driver/Inc/Legacy -I../Drivers/CMSIS/Device/ST/STM32F4xx/Include -I../Drivers/CMSIS/Include -O0 -ffunction-sections -fdata-sections -Wall -fstack-usage -MMD -MP -MF"Drivers/STM32F4xx_HAL_Driver/Src/stm32f4xx_hal_rtc.d" -MT"Drivers/STM32F4xx_HAL_Driver/Src/stm32f4xx_hal_rtc.o" --specs=nano.specs -mfpu=fpv4-sp-d16 -mfloat-abi=hard -mthumb -o "Drivers/STM32F4xx_HAL_Driver/Src/stm32f4xx_hal_rtc.o"
arm-none-eabi-gcc "../Drivers/STM32F4xx_HAL_Driver/Src/stm32f4xx_hal_rtc_ex.c" -mcpu=cortex-m4 -std=gnu11 -g3 -DDEBUG -DUSE_HAL_DRIVER -DSTM32F429xx -c -I../Core/Inc -I"/home/renato/Proyectos/CESE_FIUBA/Programacion de microcontroladores/PdM_workspace/Trabajo_practico_pdM/Drivers/UserAPI/inc" -I"/home/renato/Proyectos/CESE_FIUBA/Programacion de microcontroladores/PdM_workspace/Trabajo_practico_pdM/Drivers/UserAPI" -I../Drivers/STM32F4xx_HAL_Driver/Inc -I../Drivers/STM32F4xx_HAL_Driver/Inc/Legacy -I../Drivers/CMSIS/Device/ST/STM32F4xx/Include -I../Drivers/CMSIS/Include -O0 -ffunction-sections -fdata-sections -Wall -fstack-usage -MMD -MP -MF"Drivers/STM32F4xx_HAL_Driver/Src/stm32f4xx_hal_rtc_ex.d" -MT"Drivers/STM32F4xx_HAL_Driver/Src/stm32f4xx_hal_rtc_ex.o" --specs=nano.specs -mfpu=fpv4-sp-d16 -mfloat-abi=hard -mthumb -o "Drivers/STM32F4xx_HAL_Driver/Src/stm32f4xx_hal_rtc_ex.o"
arm-none-eabi-gcc "../Drivers/STM32F4xx_HAL_Driver/Src/stm32f4xx_hal_tim.c" -mcpu=cortex-m4 -std=gnu11 -g3 -DDEBUG -DUSE_HAL_DRIVER -DSTM32F429xx -c -I../Core/Inc -I"/home/renato/Proyectos/CESE_FIUBA/Programacion de microcontroladores/PdM_workspace/Trabajo_practico_pdM/Drivers/UserAPI/inc" -I"/home/renato/Proyectos/CESE_FIUBA/Programacion de microcontroladores/PdM_workspace/Trabajo_practico_pdM/Drivers/UserAPI" -I../Drivers/STM32F4xx_HAL_Driver/Inc -I../Drivers/STM32F4xx_HAL_Driver/Inc/Legacy -I../Drivers/CMSIS/Device/ST/STM32F4xx/Include -I../Drivers/CMSIS/Include -O0 -ffunction-sections -fdata-sections -Wall -fstack-usage -MMD -MP -MF"Drivers/STM32F4xx_HAL_Driver/Src/stm32f4xx_hal_tim.d" -MT"Drivers/STM32F4xx_HAL_Driver/Src/stm32f4xx_hal_tim.o" --specs=nano.specs -mfpu=fpv4-sp-d16 -mfloat-abi=hard -mthumb -o "Drivers/STM32F4xx_HAL_Driver/Src/stm32f4xx_hal_tim.o"
arm-none-eabi-gcc "../Drivers/STM32F4xx_HAL_Driver/Src/stm32f4xx_hal_tim_ex.c" -mcpu=cortex-m4 -std=gnu11 -g3 -DDEBUG -DUSE_HAL_DRIVER -DSTM32F429xx -c -I../Core/Inc -I"/home/renato/Proyectos/CESE_FIUBA/Programacion de microcontroladores/PdM_workspace/Trabajo_practico_pdM/Drivers/UserAPI/inc" -I"/home/renato/Proyectos/CESE_FIUBA/Programacion de microcontroladores/PdM_workspace/Trabajo_practico_pdM/Drivers/UserAPI" -I../Drivers/STM32F4xx_HAL_Driver/Inc -I../Drivers/STM32F4xx_HAL_Driver/Inc/Legacy -I../Drivers/CMSIS/Device/ST/STM32F4xx/Include -I../Drivers/CMSIS/Include -O0 -ffunction-sections -fdata-sections -Wall -fstack-usage -MMD -MP -MF"Drivers/STM32F4xx_HAL_Driver/Src/stm32f4xx_hal_tim_ex.d" -MT"Drivers/STM32F4xx_HAL_Driver/Src/stm32f4xx_hal_tim_ex.o" --specs=nano.specs -mfpu=fpv4-sp-d16 -mfloat-abi=hard -mthumb -o "Drivers/STM32F4xx_HAL_Driver/Src/stm32f4xx_hal_tim_ex.o"
arm-none-eabi-gcc "../Drivers/STM32F4xx_HAL_Driver/Src/stm32f4xx_hal_uart.c" -mcpu=cortex-m4 -std=gnu11 -g3 -DDEBUG -DUSE_HAL_DRIVER -DSTM32F429xx -c -I../Core/Inc -I"/home/renato/Proyectos/CESE_FIUBA/Programacion de microcontroladores/PdM_workspace/Trabajo_practico_pdM/Drivers/UserAPI/inc" -I"/home/renato/Proyectos/CESE_FIUBA/Programacion de microcontroladores/PdM_workspace/Trabajo_practico_pdM/Drivers/UserAPI" -I../Drivers/STM32F4xx_HAL_Driver/Inc -I../Drivers/STM32F4xx_HAL_Driver/Inc/Legacy -I../Drivers/CMSIS/Device/ST/STM32F4xx/Include -I../Drivers/CMSIS/Include -O0 -ffunction-sections -fdata-sections -Wall -fstack-usage -MMD -MP -MF"Drivers/STM32F4xx_HAL_Driver/Src/stm32f4xx_hal_uart.d" -MT"Drivers/STM32F4xx_HAL_Driver/Src/stm32f4xx_hal_uart.o" --specs=nano.specs -mfpu=fpv4-sp-d16 -mfloat-abi=hard -mthumb -o "Drivers/STM32F4xx_HAL_Driver/Src/stm32f4xx_hal_uart.o"
arm-none-eabi-gcc -mcpu=cortex-m4 -g3 -DDEBUG -c -x assembler-with-cpp -MMD -MP -MF"Core/Startup/startup_stm32f429zitx.d" -MT"Core/Startup/startup_stm32f429zitx.o" --specs=nano.specs -mfpu=fpv4-sp-d16 -mfloat-abi=hard -mthumb -o "Core/Startup/startup_stm32f429zitx.o" "../Core/Startup/startup_stm32f429zitx.s"
arm-none-eabi-gcc "../Core/Src/main.c" -mcpu=cortex-m4 -std=gnu11 -g3 -DDEBUG -DUSE_HAL_DRIVER -DSTM32F429xx -c -I../Core/Inc -I"/home/renato/Proyectos/CESE_FIUBA/Programacion de microcontroladores/PdM_workspace/Trabajo_practico_pdM/Drivers/UserAPI/inc" -I"/home/renato/Proyectos/CESE_FIUBA/Programacion de microcontroladores/PdM_workspace/Trabajo_practico_pdM/Drivers/UserAPI" -I../Drivers/STM32F4xx_HAL_Driver/Inc -I../Drivers/STM32F4xx_HAL_Driver/Inc/Legacy -I../Drivers/CMSIS/Device/ST/STM32F4xx/Include -I../Drivers/CMSIS/Include -O0 -ffunction-sections -fdata-sections -Wall -fstack-usage -MMD -MP -MF"Core/Src/main.d" -MT"Core/Src/main.o" --specs=nano.specs -mfpu=fpv4-sp-d16 -mfloat-abi=hard -mthumb -o "Core/Src/main.o"
arm-none-eabi-gcc "../Core/Src/stm32f4xx_hal_msp.c" -mcpu=cortex-m4 -std=gnu11 -g3 -DDEBUG -DUSE_HAL_DRIVER -DSTM32F429xx -c -I../Core/Inc -I"/home/renato/Proyectos/CESE_FIUBA/Programacion de microcontroladores/PdM_workspace/Trabajo_practico_pdM/Drivers/UserAPI/inc" -I"/home/renato/Proyectos/CESE_FIUBA/Programacion de microcontroladores/PdM_workspace/Trabajo_practico_pdM/Drivers/UserAPI" -I../Drivers/STM32F4xx_HAL_Driver/Inc -I../Drivers/STM32F4xx_HAL_Driver/Inc/Legacy -I../Drivers/CMSIS/Device/ST/STM32F4xx/Include -I../Drivers/CMSIS/Include -O0 -ffunction-sections -fdata-sections -Wall -fstack-usage -MMD -MP -MF"Core/Src/stm32f4xx_hal_msp.d" -MT"Core/Src/stm32f4xx_hal_msp.o" --specs=nano.specs -mfpu=fpv4-sp-d16 -mfloat-abi=hard -mthumb -o "Core/Src/stm32f4xx_hal_msp.o"
arm-none-eabi-gcc "../Core/Src/stm32f4xx_it.c" -mcpu=cortex-m4 -std=gnu11 -g3 -DDEBUG -DUSE_HAL_DRIVER -DSTM32F429xx -c -I../Core/Inc -I"/home/renato/Proyectos/CESE_FIUBA/Programacion de microcontroladores/PdM_workspace/Trabajo_practico_pdM/Drivers/UserAPI/inc" -I"/home/renato/Proyectos/CESE_FIUBA/Programacion de microcontroladores/PdM_workspace/Trabajo_practico_pdM/Drivers/UserAPI" -I../Drivers/STM32F4xx_HAL_Driver/Inc -I../Drivers/STM32F4xx_HAL_Driver/Inc/Legacy -I../Drivers/CMSIS/Device/ST/STM32F4xx/Include -I../Drivers/CMSIS/Include -O0 -ffunction-sections -fdata-sections -Wall -fstack-usage -MMD -MP -MF"Core/Src/stm32f4xx_it.d" -MT"Core/Src/stm32f4xx_it.o" --specs=nano.specs -mfpu=fpv4-sp-d16 -mfloat-abi=hard -mthumb -o "Core/Src/stm32f4xx_it.o"
arm-none-eabi-gcc "../Core/Src/syscalls.c" -mcpu=cortex-m4 -std=gnu11 -g3 -DDEBUG -DUSE_HAL_DRIVER -DSTM32F429xx -c -I../Core/Inc -I"/home/renato/Proyectos/CESE_FIUBA/Programacion de microcontroladores/PdM_workspace/Trabajo_practico_pdM/Drivers/UserAPI/inc" -I"/home/renato/Proyectos/CESE_FIUBA/Programacion de microcontroladores/PdM_workspace/Trabajo_practico_pdM/Drivers/UserAPI" -I../Drivers/STM32F4xx_HAL_Driver/Inc -I../Drivers/STM32F4xx_HAL_Driver/Inc/Legacy -I../Drivers/CMSIS/Device/ST/STM32F4xx/Include -I../Drivers/CMSIS/Include -O0 -ffunction-sections -fdata-sections -Wall -fstack-usage -MMD -MP -MF"Core/Src/syscalls.d" -MT"Core/Src/syscalls.o" --specs=nano.specs -mfpu=fpv4-sp-d16 -mfloat-abi=hard -mthumb -o "Core/Src/syscalls.o"
arm-none-eabi-gcc "../Core/Src/sysmem.c" -mcpu=cortex-m4 -std=gnu11 -g3 -DDEBUG -DUSE_HAL_DRIVER -DSTM32F429xx -c -I../Core/Inc -I"/home/renato/Proyectos/CESE_FIUBA/Programacion de microcontroladores/PdM_workspace/Trabajo_practico_pdM/Drivers/UserAPI/inc" -I"/home/renato/Proyectos/CESE_FIUBA/Programacion de microcontroladores/PdM_workspace/Trabajo_practico_pdM/Drivers/UserAPI" -I../Drivers/STM32F4xx_HAL_Driver/Inc -I../Drivers/STM32F4xx_HAL_Driver/Inc/Legacy -I../Drivers/CMSIS/Device/ST/STM32F4xx/Include -I../Drivers/CMSIS/Include -O0 -ffunction-sections -fdata-sections -Wall -fstack-usage -MMD -MP -MF"Core/Src/sysmem.d" -MT"Core/Src/sysmem.o" --specs=nano.specs -mfpu=fpv4-sp-d16 -mfloat-abi=hard -mthumb -o "Core/Src/sysmem.o"
arm-none-eabi-gcc "../Core/Src/system_stm32f4xx.c" -mcpu=cortex-m4 -std=gnu11 -g3 -DDEBUG -DUSE_HAL_DRIVER -DSTM32F429xx -c -I../Core/Inc -I"/home/renato/Proyectos/CESE_FIUBA/Programacion de microcontroladores/PdM_workspace/Trabajo_practico_pdM/Drivers/UserAPI/inc" -I"/home/renato/Proyectos/CESE_FIUBA/Programacion de microcontroladores/PdM_workspace/Trabajo_practico_pdM/Drivers/UserAPI" -I../Drivers/STM32F4xx_HAL_Driver/Inc -I../Drivers/STM32F4xx_HAL_Driver/Inc/Legacy -I../Drivers/CMSIS/Device/ST/STM32F4xx/Include -I../Drivers/CMSIS/Include -O0 -ffunction-sections -fdata-sections -Wall -fstack-usage -MMD -MP -MF"Core/Src/system_stm32f4xx.d" -MT"Core/Src/system_stm32f4xx.o" --specs=nano.specs -mfpu=fpv4-sp-d16 -mfloat-abi=hard -mthumb -o "Core/Src/system_stm32f4xx.o"
arm-none-eabi-gcc -o "Trabajo_practico_pdM.elf" @"objects.list"   -mcpu=cortex-m4 -T"/home/renato/Proyectos/CESE_FIUBA/Programacion de microcontroladores/PdM_workspace/Trabajo_practico_pdM/STM32F429ZITX_FLASH.ld" --specs=nosys.specs -Wl,-Map="Trabajo_practico_pdM.map" -Wl,--gc-sections -static --specs=nano.specs -mfpu=fpv4-sp-d16 -mfloat-abi=hard -mthumb -Wl,--start-group -lc -lm -Wl,--end-group
Finished building target: Trabajo_practico_pdM.elf
 
arm-none-eabi-size   Trabajo_practico_pdM.elf 
arm-none-eabi-objdump -h -S  Trabajo_practico_pdM.elf  > "Trabajo_practico_pdM.list"
arm-none-eabi-objcopy  -O binary  Trabajo_practico_pdM.elf  "Trabajo_practico_pdM.bin"
   text	   data	    bss	    dec	    hex	filename
  19108	    516	   1964	  21588	   5454	Trabajo_practico_pdM.elf
Finished building: default.size.stdout
 
Finished building: Trabajo_practico_pdM.bin
 
Finished building: Trabajo_practico_pdM.list
 

20:20:29 Build Finished. 0 errors, 1 warnings. (took 967ms)

